// Jest Snapshot v1, https://goo.gl/fbAQLP

exports[`Article componenet renders a title, author, and description 1`] = `
<DocumentFragment>
  <ul>
     
    <li>
      <div>
        <p>
           Sports team wins
        </p>
        <p>
           Chase Abbott
        </p>
        <span>
           They won by a lot
        </span>
      </div>
    </li>
    <li>
      <div>
        <p>
           Dog learns spanish
        </p>
        <p>
           Nelly the Pomeranian
        </p>
        <span>
           A dog that bairly knew english learns spanish
        </span>
      </div>
    </li>
  </ul>
</DocumentFragment>
`;
