// Jest Snapshot v1, https://goo.gl/fbAQLP

exports[`App component renders App 1`] = `
<DocumentFragment>
  <form>
    <label
      for="search-input"
    />
    <input
      id="search-input"
      name="searchInput"
      type="text"
      value=""
    />
    <button>
       Submit 
    </button>
  </form>
  <ul>
     
  </ul>
</DocumentFragment>
`;
